// Jest Snapshot v1, https://goo.gl/fbAQLP

exports[`DiscussionReplies renders 1`] = `
<View
  style={
    Object {
      "flex": 1,
    }
  }
>
  <View
    style={
      Object {
        "flex": 1,
        "flexDirection": "row",
      }
    }
  >
    <View
      style={
        Object {
          "alignItems": "center",
          "flex": 0.1,
          "flexDirection": "column",
          "justifyContent": "flex-start",
          "marginLeft": 10,
          "marginRight": 10,
          "marginTop": 10,
          "padding": 0,
        }
      }
    >
      <View
        accessibilityLabel=""
        style={
          Array [
            Object {
              "alignItems": "center",
              "backgroundColor": "white",
              "borderColor": "#C7CDD1",
              "borderWidth": 0.5,
              "justifyContent": "center",
              "marginRight": 16,
              "overflow": "hidden",
            },
            Object {
              "borderRadius": 12,
              "height": 24,
              "width": 24,
            },
          ]
        }
      >
        <Text
          accessible={true}
          allowFontScaling={true}
          disabled={false}
          ellipsizeMode="tail"
          style={
            Array [
              Object {
                "backgroundColor": "transparent",
                "fontWeight": "600",
              },
              Object {
                "fontSize": 8,
              },
            ]
          }
        >
          TD
        </Text>
      </View>
      <View
        style={
          Object {
            "backgroundColor": "#f5f5f5",
            "flex": 1,
            "width": 1,
          }
        }
      />
    </View>
    <View
      style={
        Object {
          "flex": 1,
        }
      }
    >
      <View
        style={
          Object {
            "alignSelf": "stretch",
            "marginTop": 12.8,
          }
        }
      >
        <Text
          accessible={true}
          allowFontScaling={true}
          disabled={false}
          ellipsizeMode="tail"
          style={
            Array [
              Object {
                "fontFamily": ".SFUIDisplay",
              },
              Object {
                "color": "#2D3B45",
                "fontSize": 16,
              },
              Object {
                "fontSize": 14,
                "fontWeight": "600",
              },
              Object {
                "fontFamily": ".SFUIDisplay-semibold",
              },
            ]
          }
        >
          The Donald
        </Text>
        <Text
          accessible={true}
          allowFontScaling={true}
          disabled={false}
          ellipsizeMode="tail"
          style={
            Array [
              Object {
                "fontFamily": ".SFUIDisplay",
              },
              Object {
                "color": "#2D3B45",
                "fontSize": 16,
              },
              Object {
                "color": "#A5AFB5",
                "fontSize": 12,
                "marginBottom": 16,
              },
              Object {
                "fontFamily": ".SFUIDisplay",
              },
            ]
          }
        >
          May 23, 2017 11:12 AM
        </Text>
        <View
          onLayout={[Function]}
          style={
            Object {
              "flex": 1,
            }
          }
        />
        <Text
          accessible={true}
          allowFontScaling={true}
          disabled={false}
          ellipsizeMode="tail"
          style={
            Array [
              Object {
                "fontFamily": ".SFUIDisplay",
              },
              Object {
                "color": "#2D3B45",
                "fontSize": 16,
              },
              Object {
                "color": "#A5AFB5",
                "fontSize": 14,
                "marginTop": 16,
              },
              Object {
                "fontFamily": ".SFUIDisplay",
              },
            ]
          }
        >
          Reply | Edit
        </Text>
      </View>
      <View
        style={
          Object {
            "alignSelf": "stretch",
            "flex": 1,
          }
        }
      />
    </View>
  </View>
</View>
`;
