// Jest Snapshot v1, https://goo.gl/fbAQLP

exports[`Canvadoc viewer renders 1`] = `
<CanvadocView
  config={
    Object {
      "drawerInset": 0,
      "previewPath": "/",
    }
  }
  style={undefined}
/>
`;
