// Jest Snapshot v1, https://goo.gl/fbAQLP

exports[`Token renders correctly 1`] = `
<Text
  accessible={true}
  allowFontScaling={true}
  color="#0077FF"
  ellipsizeMode="tail"
  style={
    Array [
      Object {
        "backgroundColor": "white",
        "borderRadius": 9,
        "borderWidth": 1,
        "fontSize": 11,
        "fontWeight": "600",
        "overflow": "hidden",
        "paddingBottom": 0,
        "paddingLeft": 6,
        "paddingRight": 6,
        "paddingTop": 3,
      },
      Object {
        "borderColor": "#0077FF",
        "color": "#0077FF",
      },
      undefined,
    ]
  }
>
  SHINY BUCKLES
</Text>
`;
