// Jest Snapshot v1, https://goo.gl/fbAQLP

exports[`SubmissionSettings renders properly 1`] = `
<View>
  <View
    accessibilityComponentType={undefined}
    accessibilityLabel="Mute Grades, Off"
    accessibilityTraits={
      Array [
        "button",
      ]
    }
    accessible={true}
    hasTVPreferredFocus={undefined}
    hitSlop={undefined}
    isTVSelectable={true}
    nativeID={undefined}
    onLayout={undefined}
    onResponderGrant={[Function]}
    onResponderMove={[Function]}
    onResponderRelease={[Function]}
    onResponderTerminate={[Function]}
    onResponderTerminationRequest={[Function]}
    onStartShouldSetResponder={[Function]}
    style={
      Array [
        Object {
          "backgroundColor": "transparent",
        },
        Array [
          Object {
            "height": 60,
          },
          undefined,
          Object {
            "borderBottomColor": "#C7CDD1",
            "borderBottomWidth": 0.5,
          },
        ],
      ]
    }
    testID={undefined}
    tvParallaxProperties={undefined}
  >
    <View
      style={
        Array [
          Object {
            "alignItems": "center",
            "backgroundColor": "white",
            "flex": 1,
            "flexDirection": "row",
            "paddingBottom": 12.8,
            "paddingLeft": 16,
            "paddingRight": 16,
            "paddingTop": 12.8,
          },
          Object {
            "backgroundColor": "white",
          },
        ]
      }
    >
      <View
        style={
          Object {
            "flex": 1,
            "flexDirection": "column",
            "justifyContent": "center",
          }
        }
      >
        <Text
          accessible={true}
          allowFontScaling={true}
          disabled={false}
          ellipsizeMode="tail"
          numberOfLines={0}
          style={
            Array [
              Object {
                "fontFamily": ".SFUIDisplay",
              },
              Object {
                "color": "#2D3B45",
                "fontSize": 16,
              },
              Array [
                Object {
                  "fontWeight": "600",
                },
                undefined,
              ],
              Object {
                "fontFamily": ".SFUIDisplay-semibold",
              },
            ]
          }
        >
          Mute Grades
        </Text>
      </View>
      <View
        style={
          Object {
            "flex": 0,
          }
        }
      >
        <View
          style={
            Object {
              "alignItems": "center",
              "flex": 1,
              "flexDirection": "row",
              "justifyContent": "flex-end",
            }
          }
        >
          <RCTSwitch
            border="bottom"
            disabled={false}
            height={60}
            identifier="submission-settings.muted"
            onChange={[Function]}
            onResponderTerminationRequest={[Function]}
            onStartShouldSetResponder={[Function]}
            onTintColor="#374A59"
            onValueChange={[Function]}
            style={
              Array [
                Object {
                  "height": 31,
                  "width": 51,
                },
                undefined,
              ]
            }
            testID="submission-settings.muted"
            tintColor="#374A59"
            title="Mute Grades"
            value={false}
          />
        </View>
      </View>
    </View>
  </View>
  <View
    accessibilityComponentType={undefined}
    accessibilityLabel="Anonymous Grading, Off"
    accessibilityTraits={
      Array [
        "button",
      ]
    }
    accessible={true}
    hasTVPreferredFocus={undefined}
    hitSlop={undefined}
    isTVSelectable={true}
    nativeID={undefined}
    onLayout={undefined}
    onResponderGrant={[Function]}
    onResponderMove={[Function]}
    onResponderRelease={[Function]}
    onResponderTerminate={[Function]}
    onResponderTerminationRequest={[Function]}
    onStartShouldSetResponder={[Function]}
    style={
      Array [
        Object {
          "backgroundColor": "transparent",
        },
        Array [
          Object {
            "height": 60,
          },
          undefined,
          Object {
            "borderBottomColor": "#C7CDD1",
            "borderBottomWidth": 0.5,
          },
        ],
      ]
    }
    testID={undefined}
    tvParallaxProperties={undefined}
  >
    <View
      style={
        Array [
          Object {
            "alignItems": "center",
            "backgroundColor": "white",
            "flex": 1,
            "flexDirection": "row",
            "paddingBottom": 12.8,
            "paddingLeft": 16,
            "paddingRight": 16,
            "paddingTop": 12.8,
          },
          Object {
            "backgroundColor": "white",
          },
        ]
      }
    >
      <View
        style={
          Object {
            "flex": 1,
            "flexDirection": "column",
            "justifyContent": "center",
          }
        }
      >
        <Text
          accessible={true}
          allowFontScaling={true}
          disabled={false}
          ellipsizeMode="tail"
          numberOfLines={0}
          style={
            Array [
              Object {
                "fontFamily": ".SFUIDisplay",
              },
              Object {
                "color": "#2D3B45",
                "fontSize": 16,
              },
              Array [
                Object {
                  "fontWeight": "600",
                },
                undefined,
              ],
              Object {
                "fontFamily": ".SFUIDisplay-semibold",
              },
            ]
          }
        >
          Anonymous Grading
        </Text>
      </View>
      <View
        style={
          Object {
            "flex": 0,
          }
        }
      >
        <View
          style={
            Object {
              "alignItems": "center",
              "flex": 1,
              "flexDirection": "row",
              "justifyContent": "flex-end",
            }
          }
        >
          <RCTSwitch
            border="bottom"
            disabled={false}
            height={60}
            identifier="submission-settings.anonymous"
            onChange={[Function]}
            onResponderTerminationRequest={[Function]}
            onStartShouldSetResponder={[Function]}
            onTintColor="#374A59"
            onValueChange={[Function]}
            style={
              Array [
                Object {
                  "height": 31,
                  "width": 51,
                },
                undefined,
              ]
            }
            testID="submission-settings.anonymous"
            tintColor="#374A59"
            title="Anonymous Grading"
            value={false}
          />
        </View>
      </View>
    </View>
  </View>
  <Text
    accessible={true}
    allowFontScaling={true}
    disabled={false}
    ellipsizeMode="tail"
    style={
      Array [
        Object {
          "fontFamily": ".SFUIDisplay",
        },
        Object {
          "color": "#7F91A7",
          "fontSize": 14,
        },
        Object {
          "paddingHorizontal": 12,
          "paddingVertical": 4,
        },
      ]
    }
  >
    This will anonymize each student and shuffle the submission list.
  </Text>
</View>
`;
