// Jest Snapshot v1, https://goo.gl/fbAQLP

exports[`renders wrapped screen with store correctly 1`] = `
<View>
  <Text
    accessible={true}
    allowFontScaling={true}
    ellipsizeMode="tail"
  >
    Test Screen
  </Text>
</View>
`;
