// Jest Snapshot v1, https://goo.gl/fbAQLP

exports[`Render the base row 1`] = `
<View
  accessibilityComponentType={undefined}
  accessibilityLabel={undefined}
  accessibilityTraits={
    Array [
      "button",
    ]
  }
  accessible={true}
  hasTVPreferredFocus={undefined}
  hitSlop={undefined}
  isTVSelectable={true}
  nativeID={undefined}
  onLayout={undefined}
  onResponderGrant={[Function]}
  onResponderMove={[Function]}
  onResponderRelease={[Function]}
  onResponderTerminate={[Function]}
  onResponderTerminationRequest={[Function]}
  onStartShouldSetResponder={[Function]}
  style={
    Array [
      Object {
        "backgroundColor": "transparent",
      },
      Array [
        Object {
          "height": 44,
        },
        Object {
          "borderTopColor": "#C7CDD1",
          "borderTopWidth": 0.5,
        },
        Object {
          "borderBottomColor": "#C7CDD1",
          "borderBottomWidth": 0.5,
        },
      ],
    ]
  }
  testID={undefined}
  tvParallaxProperties={undefined}
>
  <View
    style={
      Array [
        Object {
          "alignItems": "center",
          "backgroundColor": "white",
          "flex": 1,
          "flexDirection": "row",
          "paddingBottom": 12.8,
          "paddingLeft": 16,
          "paddingRight": 16,
          "paddingTop": 12.8,
        },
        Object {
          "backgroundColor": "white",
        },
      ]
    }
  >
    <Image
      source={1}
      style={
        Array [
          Object {
            "marginRight": 16,
            "resizeMode": "contain",
          },
          Object {
            "height": 10,
            "tintColor": "#fff",
            "width": 10,
          },
        ]
      }
    />
    <View
      style={
        Object {
          "flex": 1,
          "flexDirection": "column",
          "justifyContent": "center",
        }
      }
    >
      <Text
        accessible={true}
        allowFontScaling={true}
        disabled={false}
        ellipsizeMode="tail"
        numberOfLines={0}
        style={
          Array [
            Object {
              "fontFamily": ".SFUIDisplay",
            },
            Object {
              "color": "#2D3B45",
              "fontSize": 16,
            },
            Array [
              Object {
                "fontWeight": "600",
              },
              undefined,
            ],
            Object {
              "fontFamily": ".SFUIDisplay-semibold",
            },
          ]
        }
      >
        Title of the row
      </Text>
      <Text
        accessible={true}
        allowFontScaling={true}
        disabled={false}
        ellipsizeMode="tail"
        style={
          Array [
            Object {
              "fontFamily": ".SFUIDisplay",
            },
            Object {
              "color": "#2D3B45",
              "fontSize": 16,
            },
            Object {
              "color": "#8B969E",
              "fontSize": 14,
              "marginTop": 2,
            },
            Object {
              "fontFamily": ".SFUIDisplay",
            },
          ]
        }
        testID="row.undefined-cell-subtitle-lbl"
      >
        Subtitle
      </Text>
    </View>
    <View
      style={
        Object {
          "flex": 0,
        }
      }
    >
      <View
        style={
          Object {
            "alignItems": "center",
            "flex": 1,
            "flexDirection": "row",
            "justifyContent": "flex-end",
          }
        }
      >
        <View
          style={
            Object {
              "alignSelf": "center",
              "backgroundColor": "transparent",
              "borderColor": "#c7c7cc",
              "borderRightWidth": 2,
              "borderTopWidth": 2,
              "height": 10,
              "marginLeft": 7,
              "transform": Array [
                Object {
                  "rotate": "45deg",
                },
              ],
              "width": 10,
            }
          }
        />
      </View>
    </View>
  </View>
</View>
`;
