// Jest Snapshot v1, https://goo.gl/fbAQLP

exports[`renders correctly 1`] = `
<View>
  <RCTScrollView>
    <View>
      <View
        accessibilityComponentType={undefined}
        accessibilityLabel={undefined}
        accessibilityTraits={undefined}
        accessible={true}
        hasTVPreferredFocus={undefined}
        hitSlop={undefined}
        isTVSelectable={true}
        onLayout={undefined}
        onResponderGrant={[Function]}
        onResponderMove={[Function]}
        onResponderRelease={[Function]}
        onResponderTerminate={[Function]}
        onResponderTerminationRequest={[Function]}
        onStartShouldSetResponder={[Function]}
        style={
          Array [
            Object {
              "backgroundColor": "transparent",
            },
            Object {
              "borderBottomColor": "#e3e3e3",
              "borderBottomWidth": 1,
            },
          ]
        }
        testID="rn 101"
        tvParallaxProperties={undefined}
      >
        <View
          style={
            Object {
              "alignItems": "center",
              "backgroundColor": "white",
              "flexDirection": "row",
              "paddingHorizontal": 16,
              "paddingVertical": 16,
            }
          }
        >
          <Image
            source={1}
            style={
              Array [
                Object {
                  "height": 20,
                  "marginRight": 10,
                  "width": 20,
                },
                Object {
                  "tintColor": "#374A59",
                },
              ]
            }
          />
          <Text
            accessible={true}
            allowFontScaling={true}
            ellipsizeMode="tail"
            style={
              Object {
                "fontSize": 16,
                "fontWeight": "400",
                "marginRight": 16,
              }
            }
          >
            Learn React Native
          </Text>
        </View>
      </View>
      <View
        accessibilityComponentType={undefined}
        accessibilityLabel={undefined}
        accessibilityTraits={undefined}
        accessible={true}
        hasTVPreferredFocus={undefined}
        hitSlop={undefined}
        isTVSelectable={true}
        onLayout={undefined}
        onResponderGrant={[Function]}
        onResponderMove={[Function]}
        onResponderRelease={[Function]}
        onResponderTerminate={[Function]}
        onResponderTerminationRequest={[Function]}
        onStartShouldSetResponder={[Function]}
        style={
          Array [
            Object {
              "backgroundColor": "transparent",
            },
            Object {
              "borderBottomColor": "#e3e3e3",
              "borderBottomWidth": 1,
            },
          ]
        }
        testID="rn 101"
        tvParallaxProperties={undefined}
      >
        <View
          style={
            Object {
              "alignItems": "center",
              "backgroundColor": "white",
              "flexDirection": "row",
              "paddingHorizontal": 16,
              "paddingVertical": 16,
            }
          }
        >
          <Image
            source={1}
            style={
              Array [
                Object {
                  "height": 20,
                  "marginRight": 10,
                  "width": 20,
                },
                Object {
                  "tintColor": "#374A59",
                },
              ]
            }
          />
          <Text
            accessible={true}
            allowFontScaling={true}
            ellipsizeMode="tail"
            style={
              Object {
                "fontSize": 16,
                "fontWeight": "400",
                "marginRight": 16,
              }
            }
          >
            Learn React Native
          </Text>
        </View>
      </View>
    </View>
  </RCTScrollView>
</View>
`;
