// Jest Snapshot v1, https://goo.gl/fbAQLP

exports[`AnnouncementsList renders 1`] = `
<Screen
  navBarStyle="dark"
  rightBarButtons={
    Array [
      Object {
        "action": [Function],
        "image": 1,
        "testID": "announcements.list.addButton",
      },
    ]
  }
  subtitle="Im a course"
  title="Announcements"
>
  <View
    style={
      Object {
        "flex": 1,
      }
    }
  >
    <RCTScrollView
      data={
        Array [
          Object {
            "allow_rating": false,
            "assignment": Object {
              "assignment_group_id": 1376,
              "automatic_peer_reviews": false,
              "course_id": 987654321,
              "created_at": "2017-03-17T19:15:25Z",
              "description": "a course that can take any beginner to professional in a matter of microseconds.  Harness the power of your favorite languages like PHP and Cold Fusion.",
              "due_at": "2037-06-01T05:59:00Z",
              "grading_type": "points",
              "html_url": "http://hostname.tld/whatever",
              "id": 123456789,
              "lock_at": "2037-06-01T05:59:59Z",
              "name": "learn to write code",
              "needs_grading_count": 0,
              "overrides": Array [],
              "peer_reviews": false,
              "points_possible": 20,
              "position": 1,
              "submission_types": Array [
                "online_text_entry",
                "online_url",
                "media_recording",
                "online_upload",
              ],
              "unlock_at": "2017-03-17T06:00:00Z",
              "updated_at": "2017-03-17T19:15:25Z",
            },
            "assignment_id": 123456789,
            "author": Object {
              "avatar_url": "http://www.fillmurray.com/100/100",
              "display_name": "The Donald",
              "id": "1",
              "short_name": "The Donald",
            },
            "can_unpublish": true,
            "delayed_post_at": null,
            "discussion_subentry_count": 2,
            "discussion_type": "side_comment",
            "html_url": "http://mobiledev.instructure.com/courses/1/discussion_topics",
            "id": "1",
            "last_reply_at": "2016-12-11T04:03:17Z",
            "message": "<p>And why?</p>",
            "only_graders_can_rate": false,
            "permissions": Object {
              "attach": true,
              "delete": true,
              "reply": true,
              "update": true,
            },
            "pinned": false,
            "position": 1,
            "posted_at": "2013-11-14T16:55:00-07:00",
            "published": true,
            "read_state": "read",
            "require_initial_post": false,
            "sort_by_rating": false,
            "subscribed": true,
            "title": "Untitled",
            "unlock_at": null,
            "unread_count": 1,
            "user_can_see_posts": true,
            "user_name": "Ivy Iversen",
          },
          Object {
            "allow_rating": false,
            "assignment": Object {
              "assignment_group_id": 1376,
              "automatic_peer_reviews": false,
              "course_id": 987654321,
              "created_at": "2017-03-17T19:15:25Z",
              "description": "a course that can take any beginner to professional in a matter of microseconds.  Harness the power of your favorite languages like PHP and Cold Fusion.",
              "due_at": "2037-06-01T05:59:00Z",
              "grading_type": "points",
              "html_url": "http://hostname.tld/whatever",
              "id": 123456789,
              "lock_at": "2037-06-01T05:59:59Z",
              "name": "learn to write code",
              "needs_grading_count": 0,
              "overrides": Array [],
              "peer_reviews": false,
              "points_possible": 20,
              "position": 1,
              "submission_types": Array [
                "online_text_entry",
                "online_url",
                "media_recording",
                "online_upload",
              ],
              "unlock_at": "2017-03-17T06:00:00Z",
              "updated_at": "2017-03-17T19:15:25Z",
            },
            "assignment_id": 123456789,
            "author": Object {
              "avatar_url": "http://www.fillmurray.com/100/100",
              "display_name": "The Donald",
              "id": "1",
              "short_name": "The Donald",
            },
            "can_unpublish": true,
            "delayed_post_at": null,
            "discussion_subentry_count": 2,
            "discussion_type": "side_comment",
            "html_url": "http://mobiledev.instructure.com/courses/1/discussion_topics",
            "id": "2",
            "last_reply_at": "2016-12-11T04:03:17Z",
            "message": "<p>And why?</p>",
            "only_graders_can_rate": false,
            "permissions": Object {
              "attach": true,
              "delete": true,
              "reply": true,
              "update": true,
            },
            "pinned": false,
            "position": 1,
            "posted_at": "2013-10-28T14:16:00-07:00",
            "published": true,
            "read_state": "read",
            "require_initial_post": false,
            "sort_by_rating": false,
            "subscribed": true,
            "title": "Getting Started in Biology 101",
            "unlock_at": null,
            "unread_count": 1,
            "user_can_see_posts": true,
            "user_name": "Ivy Iversen",
          },
        ]
      }
      disableVirtualization={false}
      getItem={[Function]}
      getItemCount={[Function]}
      horizontal={false}
      initialNumToRender={10}
      keyExtractor={[Function]}
      maxToRenderPerBatch={10}
      numColumns={1}
      onContentSizeChange={[Function]}
      onEndReachedThreshold={2}
      onLayout={[Function]}
      onMomentumScrollEnd={[Function]}
      onRefresh={[Function]}
      onScroll={[Function]}
      onScrollBeginDrag={[Function]}
      onScrollEndDrag={[Function]}
      onViewableItemsChanged={undefined}
      refreshControl={
        <RefreshControlMock
          onRefresh={[Function]}
          progressViewOffset={undefined}
          refreshing={false}
        />
      }
      refreshing={false}
      renderItem={[Function]}
      scrollEventThrottle={50}
      stickyHeaderIndices={Array []}
      testID="announcements.list.list"
      updateCellsBatchingPeriod={50}
      windowSize={21}
    >
      <RCTRefreshControl />
      <View>
        <View
          onLayout={[Function]}
          style={null}
        >
          <TouchableHighlight
            accessibilityLabel={undefined}
            accessibilityTraits={
              Array [
                "button",
              ]
            }
            onPress={[Function]}
            style={
              Array [
                Object {
                  "height": undefined,
                },
                undefined,
                Object {
                  "borderBottomColor": "#C7CDD1",
                  "borderBottomWidth": 0.5,
                },
              ]
            }
            testID="announcements.list.announcement.row-0"
          >
            <View
              style={
                Array [
                  Object {
                    "alignItems": "center",
                    "backgroundColor": "white",
                    "flex": 1,
                    "flexDirection": "row",
                    "paddingBottom": 12.8,
                    "paddingLeft": 16,
                    "paddingRight": 16,
                    "paddingTop": 12.8,
                  },
                  Object {
                    "backgroundColor": "white",
                  },
                ]
              }
            >
              <View
                style={
                  Object {
                    "flex": 1,
                    "flexDirection": "column",
                    "justifyContent": "center",
                  }
                }
              >
                <Text
                  accessible={true}
                  allowFontScaling={true}
                  disabled={false}
                  ellipsizeMode="tail"
                  numberOfLines={0}
                  style={
                    Array [
                      Object {
                        "fontFamily": ".SFUIDisplay",
                      },
                      Object {
                        "color": "#2D3B45",
                        "fontSize": 16,
                      },
                      Array [
                        Object {
                          "fontWeight": "600",
                        },
                        undefined,
                      ],
                      Object {
                        "fontFamily": ".SFUIDisplay-semibold",
                      },
                    ]
                  }
                >
                  Untitled
                </Text>
                <Text
                  accessible={true}
                  allowFontScaling={true}
                  disabled={false}
                  ellipsizeMode="tail"
                  style={
                    Array [
                      Object {
                        "fontFamily": ".SFUIDisplay",
                      },
                      Object {
                        "color": "#2D3B45",
                        "fontSize": 16,
                      },
                      Object {
                        "color": "#8B969E",
                        "fontSize": 14,
                        "marginTop": 2,
                      },
                      Object {
                        "fontFamily": ".SFUIDisplay",
                      },
                    ]
                  }
                  testID="announcements.list.announcement.row-0-subtitle-lbl"
                >
                  Nov 14 at 4:55 PM
                </Text>
              </View>
              <View
                style={
                  Object {
                    "flex": 0,
                  }
                }
              >
                <View
                  style={
                    Object {
                      "alignItems": "center",
                      "flex": 1,
                      "flexDirection": "row",
                      "justifyContent": "flex-end",
                    }
                  }
                >
                  <View
                    style={
                      Object {
                        "alignSelf": "center",
                        "backgroundColor": "transparent",
                        "borderColor": "#c7c7cc",
                        "borderRightWidth": 2,
                        "borderTopWidth": 2,
                        "height": 10,
                        "marginLeft": 7,
                        "transform": Array [
                          Object {
                            "rotate": "45deg",
                          },
                        ],
                        "width": 10,
                      }
                    }
                  />
                </View>
              </View>
            </View>
          </TouchableHighlight>
        </View>
        <View
          onLayout={[Function]}
          style={null}
        >
          <TouchableHighlight
            accessibilityLabel={undefined}
            accessibilityTraits={
              Array [
                "button",
              ]
            }
            onPress={[Function]}
            style={
              Array [
                Object {
                  "height": undefined,
                },
                undefined,
                Object {
                  "borderBottomColor": "#C7CDD1",
                  "borderBottomWidth": 0.5,
                },
              ]
            }
            testID="announcements.list.announcement.row-1"
          >
            <View
              style={
                Array [
                  Object {
                    "alignItems": "center",
                    "backgroundColor": "white",
                    "flex": 1,
                    "flexDirection": "row",
                    "paddingBottom": 12.8,
                    "paddingLeft": 16,
                    "paddingRight": 16,
                    "paddingTop": 12.8,
                  },
                  Object {
                    "backgroundColor": "white",
                  },
                ]
              }
            >
              <View
                style={
                  Object {
                    "flex": 1,
                    "flexDirection": "column",
                    "justifyContent": "center",
                  }
                }
              >
                <Text
                  accessible={true}
                  allowFontScaling={true}
                  disabled={false}
                  ellipsizeMode="tail"
                  numberOfLines={0}
                  style={
                    Array [
                      Object {
                        "fontFamily": ".SFUIDisplay",
                      },
                      Object {
                        "color": "#2D3B45",
                        "fontSize": 16,
                      },
                      Array [
                        Object {
                          "fontWeight": "600",
                        },
                        undefined,
                      ],
                      Object {
                        "fontFamily": ".SFUIDisplay-semibold",
                      },
                    ]
                  }
                >
                  Getting Started in Biology 101
                </Text>
                <Text
                  accessible={true}
                  allowFontScaling={true}
                  disabled={false}
                  ellipsizeMode="tail"
                  style={
                    Array [
                      Object {
                        "fontFamily": ".SFUIDisplay",
                      },
                      Object {
                        "color": "#2D3B45",
                        "fontSize": 16,
                      },
                      Object {
                        "color": "#8B969E",
                        "fontSize": 14,
                        "marginTop": 2,
                      },
                      Object {
                        "fontFamily": ".SFUIDisplay",
                      },
                    ]
                  }
                  testID="announcements.list.announcement.row-1-subtitle-lbl"
                >
                  Oct 28 at 3:16 PM
                </Text>
              </View>
              <View
                style={
                  Object {
                    "flex": 0,
                  }
                }
              >
                <View
                  style={
                    Object {
                      "alignItems": "center",
                      "flex": 1,
                      "flexDirection": "row",
                      "justifyContent": "flex-end",
                    }
                  }
                >
                  <View
                    style={
                      Object {
                        "alignSelf": "center",
                        "backgroundColor": "transparent",
                        "borderColor": "#c7c7cc",
                        "borderRightWidth": 2,
                        "borderTopWidth": 2,
                        "height": 10,
                        "marginLeft": 7,
                        "transform": Array [
                          Object {
                            "rotate": "45deg",
                          },
                        ],
                        "width": 10,
                      }
                    }
                  />
                </View>
              </View>
            </View>
          </TouchableHighlight>
        </View>
      </View>
    </RCTScrollView>
  </View>
</Screen>
`;
