// Jest Snapshot v1, https://goo.gl/fbAQLP

exports[`SubmissionHeader anonymous and muted 1`] = `
<View
  style={
    Object {
      "borderBottomColor": "lightgrey",
      "borderBottomWidth": 0.5,
      "paddingBottom": 8,
      "paddingHorizontal": 16,
      "paddingTop": 16,
    }
  }
>
  <View
    style={
      Object {
        "alignItems": "flex-end",
        "flexDirection": "row",
        "justifyContent": "space-between",
      }
    }
  >
    <Text
      accessibilityTraits="header"
      accessible={true}
      allowFontScaling={true}
      disabled={false}
      ellipsizeMode="tail"
      style={
        Array [
          Object {
            "fontFamily": ".SFUIDisplay",
          },
          Object {
            "color": "#2D3B45",
            "fontFamily": ".SFUIDisplay-semibold",
            "fontSize": 20,
          },
          Object {
            "color": "#2d3b44",
            "fontSize": 20,
            "fontWeight": "600",
          },
        ]
      }
    >
      All Submissions
    </Text>
    <View
      accessibilityComponentType={undefined}
      accessibilityLabel="Filter Submissions"
      accessibilityTraits="button"
      accessible={true}
      collapsable={undefined}
      hitSlop={undefined}
      isTVSelectable={true}
      nativeID={undefined}
      onLayout={undefined}
      onResponderGrant={[Function]}
      onResponderMove={[Function]}
      onResponderRelease={[Function]}
      onResponderTerminate={[Function]}
      onResponderTerminationRequest={[Function]}
      onStartShouldSetResponder={[Function]}
      style={
        Object {
          "marginBottom": 1,
          "opacity": 1,
        }
      }
      testID="submission-list.filter"
      tvParallaxProperties={undefined}
    >
      <View>
        <Text
          accessible={true}
          allowFontScaling={true}
          disabled={false}
          ellipsizeMode="tail"
          style={
            Array [
              Object {
                "fontFamily": ".SFUIDisplay",
              },
              Object {
                "color": "#2D3B45",
                "fontSize": 16,
              },
              Array [
                Object {
                  "color": "#374A59",
                  "fontSize": 14,
                },
                Object {
                  "fontFamily": ".SFUIDisplay-bold",
                },
                Object {
                  "color": "#374A59",
                },
                Object {},
              ],
              Object {
                "fontFamily": ".SFUIDisplay",
              },
            ]
          }
        >
          Filter
        </Text>
      </View>
    </View>
  </View>
  <Text
    accessible={true}
    allowFontScaling={true}
    disabled={false}
    ellipsizeMode="tail"
    style={
      Array [
        Object {
          "fontFamily": ".SFUIDisplay",
        },
        Object {
          "color": "#2D3B45",
          "fontSize": 16,
        },
        Object {
          "color": "#8B969E",
          "fontSize": 14,
          "fontWeight": "500",
        },
        Object {
          "fontFamily": ".SFUIDisplay-medium",
        },
      ]
    }
  >
    Grades muted, Anonymous grading
  </Text>
</View>
`;

exports[`SubmissionHeader anonymous grading 1`] = `
<View
  style={
    Object {
      "borderBottomColor": "lightgrey",
      "borderBottomWidth": 0.5,
      "paddingBottom": 8,
      "paddingHorizontal": 16,
      "paddingTop": 16,
    }
  }
>
  <View
    style={
      Object {
        "alignItems": "flex-end",
        "flexDirection": "row",
        "justifyContent": "space-between",
      }
    }
  >
    <Text
      accessibilityTraits="header"
      accessible={true}
      allowFontScaling={true}
      disabled={false}
      ellipsizeMode="tail"
      style={
        Array [
          Object {
            "fontFamily": ".SFUIDisplay",
          },
          Object {
            "color": "#2D3B45",
            "fontFamily": ".SFUIDisplay-semibold",
            "fontSize": 20,
          },
          Object {
            "color": "#2d3b44",
            "fontSize": 20,
            "fontWeight": "600",
          },
        ]
      }
    >
      All Submissions
    </Text>
    <View
      accessibilityComponentType={undefined}
      accessibilityLabel="Filter Submissions"
      accessibilityTraits="button"
      accessible={true}
      collapsable={undefined}
      hitSlop={undefined}
      isTVSelectable={true}
      nativeID={undefined}
      onLayout={undefined}
      onResponderGrant={[Function]}
      onResponderMove={[Function]}
      onResponderRelease={[Function]}
      onResponderTerminate={[Function]}
      onResponderTerminationRequest={[Function]}
      onStartShouldSetResponder={[Function]}
      style={
        Object {
          "marginBottom": 1,
          "opacity": 1,
        }
      }
      testID="submission-list.filter"
      tvParallaxProperties={undefined}
    >
      <View>
        <Text
          accessible={true}
          allowFontScaling={true}
          disabled={false}
          ellipsizeMode="tail"
          style={
            Array [
              Object {
                "fontFamily": ".SFUIDisplay",
              },
              Object {
                "color": "#2D3B45",
                "fontSize": 16,
              },
              Array [
                Object {
                  "color": "#374A59",
                  "fontSize": 14,
                },
                Object {
                  "fontFamily": ".SFUIDisplay-bold",
                },
                Object {
                  "color": "#374A59",
                },
                Object {},
              ],
              Object {
                "fontFamily": ".SFUIDisplay",
              },
            ]
          }
        >
          Filter
        </Text>
      </View>
    </View>
  </View>
  <Text
    accessible={true}
    allowFontScaling={true}
    disabled={false}
    ellipsizeMode="tail"
    style={
      Array [
        Object {
          "fontFamily": ".SFUIDisplay",
        },
        Object {
          "color": "#2D3B45",
          "fontSize": 16,
        },
        Object {
          "color": "#8B969E",
          "fontSize": 14,
          "fontWeight": "500",
        },
        Object {
          "fontFamily": ".SFUIDisplay-medium",
        },
      ]
    }
  >
    Anonymous grading
  </Text>
</View>
`;

exports[`SubmissionHeader muted grading 1`] = `
<View
  style={
    Object {
      "borderBottomColor": "lightgrey",
      "borderBottomWidth": 0.5,
      "paddingBottom": 8,
      "paddingHorizontal": 16,
      "paddingTop": 16,
    }
  }
>
  <View
    style={
      Object {
        "alignItems": "flex-end",
        "flexDirection": "row",
        "justifyContent": "space-between",
      }
    }
  >
    <Text
      accessibilityTraits="header"
      accessible={true}
      allowFontScaling={true}
      disabled={false}
      ellipsizeMode="tail"
      style={
        Array [
          Object {
            "fontFamily": ".SFUIDisplay",
          },
          Object {
            "color": "#2D3B45",
            "fontFamily": ".SFUIDisplay-semibold",
            "fontSize": 20,
          },
          Object {
            "color": "#2d3b44",
            "fontSize": 20,
            "fontWeight": "600",
          },
        ]
      }
    >
      All Submissions
    </Text>
    <View
      accessibilityComponentType={undefined}
      accessibilityLabel="Filter Submissions"
      accessibilityTraits="button"
      accessible={true}
      collapsable={undefined}
      hitSlop={undefined}
      isTVSelectable={true}
      nativeID={undefined}
      onLayout={undefined}
      onResponderGrant={[Function]}
      onResponderMove={[Function]}
      onResponderRelease={[Function]}
      onResponderTerminate={[Function]}
      onResponderTerminationRequest={[Function]}
      onStartShouldSetResponder={[Function]}
      style={
        Object {
          "marginBottom": 1,
          "opacity": 1,
        }
      }
      testID="submission-list.filter"
      tvParallaxProperties={undefined}
    >
      <View>
        <Text
          accessible={true}
          allowFontScaling={true}
          disabled={false}
          ellipsizeMode="tail"
          style={
            Array [
              Object {
                "fontFamily": ".SFUIDisplay",
              },
              Object {
                "color": "#2D3B45",
                "fontSize": 16,
              },
              Array [
                Object {
                  "color": "#374A59",
                  "fontSize": 14,
                },
                Object {
                  "fontFamily": ".SFUIDisplay-bold",
                },
                Object {
                  "color": "#374A59",
                },
                Object {},
              ],
              Object {
                "fontFamily": ".SFUIDisplay",
              },
            ]
          }
        >
          Filter
        </Text>
      </View>
    </View>
  </View>
  <Text
    accessible={true}
    allowFontScaling={true}
    disabled={false}
    ellipsizeMode="tail"
    style={
      Array [
        Object {
          "fontFamily": ".SFUIDisplay",
        },
        Object {
          "color": "#2D3B45",
          "fontSize": 16,
        },
        Object {
          "color": "#8B969E",
          "fontSize": 14,
          "fontWeight": "500",
        },
        Object {
          "fontFamily": ".SFUIDisplay-medium",
        },
      ]
    }
  >
    Grades muted
  </Text>
</View>
`;
